Archive member included to satisfy reference by file (symbol)

/Applications/Ac6/SystemWorkbench.app/Contents/Eclipse/plugins/fr.ac6.mcu.externaltools.arm-none.macos64_1.16.0.201807130628/tools/compiler/bin/../lib/gcc/arm-none-eabi/7.2.1/../../../../arm-none-eabi/lib/thumb/v6-m/libm.a(lib_a-s_sin.o)
                              Src/main.o (sin)
/Applications/Ac6/SystemWorkbench.app/Contents/Eclipse/plugins/fr.ac6.mcu.externaltools.arm-none.macos64_1.16.0.201807130628/tools/compiler/bin/../lib/gcc/arm-none-eabi/7.2.1/../../../../arm-none-eabi/lib/thumb/v6-m/libm.a(lib_a-w_exp.o)
                              Src/main.o (exp)
/Applications/Ac6/SystemWorkbench.app/Contents/Eclipse/plugins/fr.ac6.mcu.externaltools.arm-none.macos64_1.16.0.201807130628/tools/compiler/bin/../lib/gcc/arm-none-eabi/7.2.1/../../../../arm-none-eabi/lib/thumb/v6-m/libm.a(lib_a-e_exp.o)
                              /Applications/Ac6/SystemWorkbench.app/Contents/Eclipse/plugins/fr.ac6.mcu.externaltools.arm-none.macos64_1.16.0.201807130628/tools/compiler/bin/../lib/gcc/arm-none-eabi/7.2.1/../../../../arm-none-eabi/lib/thumb/v6-m/libm.a(lib_a-w_exp.o) (__ieee754_exp)
/Applications/Ac6/SystemWorkbench.app/Contents/Eclipse/plugins/fr.ac6.mcu.externaltools.arm-none.macos64_1.16.0.201807130628/tools/compiler/bin/../lib/gcc/arm-none-eabi/7.2.1/../../../../arm-none-eabi/lib/thumb/v6-m/libm.a(lib_a-e_rem_pio2.o)
                              /Applications/Ac6/SystemWorkbench.app/Contents/Eclipse/plugins/fr.ac6.mcu.externaltools.arm-none.macos64_1.16.0.201807130628/tools/compiler/bin/../lib/gcc/arm-none-eabi/7.2.1/../../../../arm-none-eabi/lib/thumb/v6-m/libm.a(lib_a-s_sin.o) (__ieee754_rem_pio2)
/Applications/Ac6/SystemWorkbench.app/Contents/Eclipse/plugins/fr.ac6.mcu.externaltools.arm-none.macos64_1.16.0.201807130628/tools/compiler/bin/../lib/gcc/arm-none-eabi/7.2.1/../../../../arm-none-eabi/lib/thumb/v6-m/libm.a(lib_a-k_cos.o)
                              /Applications/Ac6/SystemWorkbench.app/Contents/Eclipse/plugins/fr.ac6.mcu.externaltools.arm-none.macos64_1.16.0.201807130628/tools/compiler/bin/../lib/gcc/arm-none-eabi/7.2.1/../../../../arm-none-eabi/lib/thumb/v6-m/libm.a(lib_a-s_sin.o) (__kernel_cos)
/Applications/Ac6/SystemWorkbench.app/Contents/Eclipse/plugins/fr.ac6.mcu.externaltools.arm-none.macos64_1.16.0.201807130628/tools/compiler/bin/../lib/gcc/arm-none-eabi/7.2.1/../../../../arm-none-eabi/lib/thumb/v6-m/libm.a(lib_a-k_rem_pio2.o)
                              /Applications/Ac6/SystemWorkbench.app/Contents/Eclipse/plugins/fr.ac6.mcu.externaltools.arm-none.macos64_1.16.0.201807130628/tools/compiler/bin/../lib/gcc/arm-none-eabi/7.2.1/../../../../arm-none-eabi/lib/thumb/v6-m/libm.a(lib_a-e_rem_pio2.o) (__kernel_rem_pio2)
/Applications/Ac6/SystemWorkbench.app/Contents/Eclipse/plugins/fr.ac6.mcu.externaltools.arm-none.macos64_1.16.0.201807130628/tools/compiler/bin/../lib/gcc/arm-none-eabi/7.2.1/../../../../arm-none-eabi/lib/thumb/v6-m/libm.a(lib_a-k_sin.o)
                              /Applications/Ac6/SystemWorkbench.app/Contents/Eclipse/plugins/fr.ac6.mcu.externaltools.arm-none.macos64_1.16.0.201807130628/tools/compiler/bin/../lib/gcc/arm-none-eabi/7.2.1/../../../../arm-none-eabi/lib/thumb/v6-m/libm.a(lib_a-s_sin.o) (__kernel_sin)
/Applications/Ac6/SystemWorkbench.app/Contents/Eclipse/plugins/fr.ac6.mcu.externaltools.arm-none.macos64_1.16.0.201807130628/tools/compiler/bin/../lib/gcc/arm-none-eabi/7.2.1/../../../../arm-none-eabi/lib/thumb/v6-m/libm.a(lib_a-s_fabs.o)
                              /Applications/Ac6/SystemWorkbench.app/Contents/Eclipse/plugins/fr.ac6.mcu.externaltools.arm-none.macos64_1.16.0.201807130628/tools/compiler/bin/../lib/gcc/arm-none-eabi/7.2.1/../../../../arm-none-eabi/lib/thumb/v6-m/libm.a(lib_a-e_rem_pio2.o) (fabs)
/Applications/Ac6/SystemWorkbench.app/Contents/Eclipse/plugins/fr.ac6.mcu.externaltools.arm-none.macos64_1.16.0.201807130628/tools/compiler/bin/../lib/gcc/arm-none-eabi/7.2.1/../../../../arm-none-eabi/lib/thumb/v6-m/libm.a(lib_a-s_finite.o)
                              /Applications/Ac6/SystemWorkbench.app/Contents/Eclipse/plugins/fr.ac6.mcu.externaltools.arm-none.macos64_1.16.0.201807130628/tools/compiler/bin/../lib/gcc/arm-none-eabi/7.2.1/../../../../arm-none-eabi/lib/thumb/v6-m/libm.a(lib_a-w_exp.o) (finite)
/Applications/Ac6/SystemWorkbench.app/Contents/Eclipse/plugins/fr.ac6.mcu.externaltools.arm-none.macos64_1.16.0.201807130628/tools/compiler/bin/../lib/gcc/arm-none-eabi/7.2.1/../../../../arm-none-eabi/lib/thumb/v6-m/libm.a(lib_a-s_floor.o)
                              /Applications/Ac6/SystemWorkbench.app/Contents/Eclipse/plugins/fr.ac6.mcu.externaltools.arm-none.macos64_1.16.0.201807130628/tools/compiler/bin/../lib/gcc/arm-none-eabi/7.2.1/../../../../arm-none-eabi/lib/thumb/v6-m/libm.a(lib_a-k_rem_pio2.o) (floor)
[...]
Memory Configuration

Name             Origin             Length             Attributes
RAM              0x0000000020000000 0x0000000000002000 xrw
FLASH            0x0000000008000000 0x0000000000008000 xr
*default*        0x0000000000000000 0xffffffffffffffff

Linker script and memory map

LOAD /Applications/Ac6/SystemWorkbench.app/Contents/Eclipse/plugins/fr.ac6.mcu.externaltools.arm-none.macos64_1.16.0.201807130628/tools/compiler/bin/../lib/gcc/arm-none-eabi/7.2.1/thumb/v6-m/crti.o
LOAD /Applications/Ac6/SystemWorkbench.app/Contents/Eclipse/plugins/fr.ac6.mcu.externaltools.arm-none.macos64_1.16.0.201807130628/tools/compiler/bin/../lib/gcc/arm-none-eabi/7.2.1/thumb/v6-m/crtbegin.o
LOAD /Applications/Ac6/SystemWorkbench.app/Contents/Eclipse/plugins/fr.ac6.mcu.externaltools.arm-none.macos64_1.16.0.201807130628/tools/compiler/bin/../lib/gcc/arm-none-eabi/7.2.1/../../../../arm-none-eabi/lib/thumb/v6-m/crt0.o
LOAD Drivers/STM32L0xx_HAL_Driver/Src/stm32l0xx_hal.o
LOAD Drivers/STM32L0xx_HAL_Driver/Src/stm32l0xx_hal_adc.o
LOAD Drivers/STM32L0xx_HAL_Driver/Src/stm32l0xx_hal_adc_ex.o
LOAD Drivers/STM32L0xx_HAL_Driver/Src/stm32l0xx_hal_cortex.o
LOAD Drivers/STM32L0xx_HAL_Driver/Src/stm32l0xx_hal_dma.o
LOAD Drivers/STM32L0xx_HAL_Driver/Src/stm32l0xx_hal_flash.o
LOAD Drivers/STM32L0xx_HAL_Driver/Src/stm32l0xx_hal_flash_ex.o
LOAD Drivers/STM32L0xx_HAL_Driver/Src/stm32l0xx_hal_flash_ramfunc.o
LOAD Drivers/STM32L0xx_HAL_Driver/Src/stm32l0xx_hal_gpio.o
LOAD Drivers/STM32L0xx_HAL_Driver/Src/stm32l0xx_hal_i2c.o
LOAD Drivers/STM32L0xx_HAL_Driver/Src/stm32l0xx_hal_i2c_ex.o
LOAD Drivers/STM32L0xx_HAL_Driver/Src/stm32l0xx_hal_pwr.o
LOAD Drivers/STM32L0xx_HAL_Driver/Src/stm32l0xx_hal_pwr_ex.o
LOAD Drivers/STM32L0xx_HAL_Driver/Src/stm32l0xx_hal_rcc.o
LOAD Drivers/STM32L0xx_HAL_Driver/Src/stm32l0xx_hal_rcc_ex.o
LOAD Drivers/STM32L0xx_HAL_Driver/Src/stm32l0xx_hal_tim.o
LOAD Drivers/STM32L0xx_HAL_Driver/Src/stm32l0xx_hal_tim_ex.o
LOAD Src/main.o
LOAD Src/stm32l0xx_hal_msp.o
LOAD Src/stm32l0xx_it.o
LOAD Src/system_stm32l0xx.o
LOAD startup/startup_stm32l031xx.o
LOAD /Applications/Ac6/SystemWorkbench.app/Contents/Eclipse/plugins/fr.ac6.mcu.externaltools.arm-none.macos64_1.16.0.201807130628/tools/compiler/bin/../lib/gcc/arm-none-eabi/7.2.1/../../../../arm-none-eabi/lib/thumb/v6-m/libm.a
START GROUP
LOAD /Applications/Ac6/SystemWorkbench.app/Contents/Eclipse/plugins/fr.ac6.mcu.externaltools.arm-none.macos64_1.16.0.201807130628/tools/compiler/bin/../lib/gcc/arm-none-eabi/7.2.1/thumb/v6-m/libgcc.a
LOAD /Applications/Ac6/SystemWorkbench.app/Contents/Eclipse/plugins/fr.ac6.mcu.externaltools.arm-none.macos64_1.16.0.201807130628/tools/compiler/bin/../lib/gcc/arm-none-eabi/7.2.1/../../../../arm-none-eabi/lib/thumb/v6-m/libc_nano.a
END GROUP
START GROUP
LOAD /Applications/Ac6/SystemWorkbench.app/Contents/Eclipse/plugins/fr.ac6.mcu.externaltools.arm-none.macos64_1.16.0.201807130628/tools/compiler/bin/../lib/gcc/arm-none-eabi/7.2.1/thumb/v6-m/libgcc.a
LOAD /Applications/Ac6/SystemWorkbench.app/Contents/Eclipse/plugins/fr.ac6.mcu.externaltools.arm-none.macos64_1.16.0.201807130628/tools/compiler/bin/../lib/gcc/arm-none-eabi/7.2.1/../../../../arm-none-eabi/lib/thumb/v6-m/libc_nano.a
LOAD /Applications/Ac6/SystemWorkbench.app/Contents/Eclipse/plugins/fr.ac6.mcu.externaltools.arm-none.macos64_1.16.0.201807130628/tools/compiler/bin/../lib/gcc/arm-none-eabi/7.2.1/../../../../arm-none-eabi/lib/thumb/v6-m/libnosys.a
END GROUP
START GROUP
LOAD /Applications/Ac6/SystemWorkbench.app/Contents/Eclipse/plugins/fr.ac6.mcu.externaltools.arm-none.macos64_1.16.0.201807130628/tools/compiler/bin/../lib/gcc/arm-none-eabi/7.2.1/thumb/v6-m/libgcc.a
LOAD /Applications/Ac6/SystemWorkbench.app/Contents/Eclipse/plugins/fr.ac6.mcu.externaltools.arm-none.macos64_1.16.0.201807130628/tools/compiler/bin/../lib/gcc/arm-none-eabi/7.2.1/../../../../arm-none-eabi/lib/thumb/v6-m/libc_nano.a
LOAD /Applications/Ac6/SystemWorkbench.app/Contents/Eclipse/plugins/fr.ac6.mcu.externaltools.arm-none.macos64_1.16.0.201807130628/tools/compiler/bin/../lib/gcc/arm-none-eabi/7.2.1/../../../../arm-none-eabi/lib/thumb/v6-m/libnosys.a
END GROUP
LOAD /Applications/Ac6/SystemWorkbench.app/Contents/Eclipse/plugins/fr.ac6.mcu.externaltools.arm-none.macos64_1.16.0.201807130628/tools/compiler/bin/../lib/gcc/arm-none-eabi/7.2.1/thumb/v6-m/crtend.o
LOAD /Applications/Ac6/SystemWorkbench.app/Contents/Eclipse/plugins/fr.ac6.mcu.externaltools.arm-none.macos64_1.16.0.201807130628/tools/compiler/bin/../lib/gcc/arm-none-eabi/7.2.1/thumb/v6-m/crtn.o
                0x0000000020002000                _estack = 0x20002000
                0x0000000000000200                _Min_Heap_Size = 0x200
                0x0000000000000400                _Min_Stack_Size = 0x400

.isr_vector     0x0000000008000000       0xc0
                0x0000000008000000                . = ALIGN (0x4)
 *(.isr_vector)
 .isr_vector    0x0000000008000000       0xc0 startup/startup_stm32l031xx.o
                0x0000000008000000                g_pfnVectors
                0x00000000080000c0                . = ALIGN (0x4)

.text           0x00000000080000c0     0x48a0
                0x00000000080000c0                . = ALIGN (0x4)
 *(.text)
 .text          0x00000000080000c0       0x48 /Applications/Ac6/SystemWorkbench.app/Contents/Eclipse/plugins/fr.ac6.mcu.externaltools.arm-none.macos64_1.16.0.201807130628/tools/compiler/bin/../lib/gcc/arm-none-eabi/7.2.1/thumb/v6-m/crtbegin.o
 .text          0x0000000008000108      0x114 /Applications/Ac6/SystemWorkbench.app/Contents/Eclipse/plugins/fr.ac6.mcu.externaltools.arm-none.macos64_1.16.0.201807130628/tools/compiler/bin/../lib/gcc/arm-none-eabi/7.2.1/thumb/v6-m/libgcc.a(_udivsi3.o)
                0x0000000008000108                __udivsi3
                0x0000000008000108                __aeabi_uidiv
                0x0000000008000214                __aeabi_uidivmod
 .text          0x000000000800021c        0x4 /Applications/Ac6/SystemWorkbench.app/Contents/Eclipse/plugins/fr.ac6.mcu.externaltools.arm-none.macos64_1.16.0.201807130628/tools/compiler/bin/../lib/gcc/arm-none-eabi/7.2.1/thumb/v6-m/libgcc.a(_dvmd_tls.o)
                0x000000000800021c                __aeabi_ldiv0
                0x000000000800021c                __aeabi_idiv0
 *(.text*)
 .text.HAL_Init
                0x0000000008000220       0x28 Drivers/STM32L0xx_HAL_Driver/Src/stm32l0xx_hal.o
                0x0000000008000220                HAL_Init
 .text.HAL_InitTick
                0x0000000008000248       0x3c Drivers/STM32L0xx_HAL_Driver/Src/stm32l0xx_hal.o
                0x0000000008000248                HAL_InitTick
 .text.HAL_IncTick
                0x0000000008000284       0x18 Drivers/STM32L0xx_HAL_Driver/Src/stm32l0xx_hal.o
                0x0000000008000284                HAL_IncTick
 .text.HAL_GetTick
                0x000000000800029c       0x14 Drivers/STM32L0xx_HAL_Driver/Src/stm32l0xx_hal.o
                0x000000000800029c                HAL_GetTick
 .text.HAL_Delay
                0x00000000080002b0       0x2e Drivers/STM32L0xx_HAL_Driver/Src/stm32l0xx_hal.o
                0x00000000080002b0                HAL_Delay
 *fill*         0x00000000080002de        0x2 
 .text.HAL_ADC_Init
                0x00000000080002e0      0x2dc Drivers/STM32L0xx_HAL_Driver/Src/stm32l0xx_hal_adc.o
                0x00000000080002e0                HAL_ADC_Init
 .text.HAL_ADC_Start
                0x00000000080005bc       0xa8 Drivers/STM32L0xx_HAL_Driver/Src/stm32l0xx_hal_adc.o
                0x00000000080005bc                HAL_ADC_Start
 .text.HAL_ADC_Stop
                0x0000000008000664       0x80 Drivers/STM32L0xx_HAL_Driver/Src/stm32l0xx_hal_adc.o
                0x0000000008000664                HAL_ADC_Stop
 .text.HAL_ADC_PollForConversion
                0x00000000080006e4      0x128 Drivers/STM32L0xx_HAL_Driver/Src/stm32l0xx_hal_adc.o
                0x00000000080006e4                HAL_ADC_PollForConversion
 .text.HAL_ADC_GetValue
                0x000000000800080c       0x16 Drivers/STM32L0xx_HAL_Driver/Src/stm32l0xx_hal_adc.o
                0x000000000800080c                HAL_ADC_GetValue
 *fill*         0x0000000008000822        0x2 
 .text.HAL_ADC_IRQHandler
                0x0000000008000824      0x174 Drivers/STM32L0xx_HAL_Driver/Src/stm32l0xx_hal_adc.o
                0x0000000008000824                HAL_ADC_IRQHandler
 .text.HAL_ADC_ConvCpltCallback
                0x0000000008000998       0x10 Drivers/STM32L0xx_HAL_Driver/Src/stm32l0xx_hal_adc.o
                0x0000000008000998                HAL_ADC_ConvCpltCallback
 .text.HAL_ADC_LevelOutOfWindowCallback
                0x00000000080009a8       0x10 Drivers/STM32L0xx_HAL_Driver/Src/stm32l0xx_hal_adc.o
                0x00000000080009a8                HAL_ADC_LevelOutOfWindowCallback
 .text.HAL_ADC_ErrorCallback
                0x00000000080009b8       0x10 Drivers/STM32L0xx_HAL_Driver/Src/stm32l0xx_hal_adc.o
                0x00000000080009b8                HAL_ADC_ErrorCallback
 .text.HAL_ADC_ConfigChannel
                0x00000000080009c8      0x10c Drivers/STM32L0xx_HAL_Driver/Src/stm32l0xx_hal_adc.o
                0x00000000080009c8                HAL_ADC_ConfigChannel
 .text.ADC_Enable
                0x0000000008000ad4       0xc0 Drivers/STM32L0xx_HAL_Driver/Src/stm32l0xx_hal_adc.o
 .text.ADC_Disable
                0x0000000008000b94       0xbe Drivers/STM32L0xx_HAL_Driver/Src/stm32l0xx_hal_adc.o
 .text.ADC_ConversionStop
                0x0000000008000c52       0x8a Drivers/STM32L0xx_HAL_Driver/Src/stm32l0xx_hal_adc.o
 .text.ADC_DelayMicroSecond
                0x0000000008000cdc       0x3c Drivers/STM32L0xx_HAL_Driver/Src/stm32l0xx_hal_adc.o
 .text.NVIC_EnableIRQ
                0x0000000008000d18       0x2c Drivers/STM32L0xx_HAL_Driver/Src/stm32l0xx_hal_cortex.o
 .text.NVIC_SetPriority
                0x0000000008000d44       0xdc Drivers/STM32L0xx_HAL_Driver/Src/stm32l0xx_hal_cortex.o
 .text.SysTick_Config
                0x0000000008000e20       0x48 Drivers/STM32L0xx_HAL_Driver/Src/stm32l0xx_hal_cortex.o
 .text.HAL_NVIC_SetPriority
                0x0000000008000e68       0x2a Drivers/STM32L0xx_HAL_Driver/Src/stm32l0xx_hal_cortex.o
                0x0000000008000e68                HAL_NVIC_SetPriority
 .text.HAL_NVIC_EnableIRQ
                0x0000000008000e92       0x20 Drivers/STM32L0xx_HAL_Driver/Src/stm32l0xx_hal_cortex.o
                0x0000000008000e92                HAL_NVIC_EnableIRQ
 .text.HAL_SYSTICK_Config
                0x0000000008000eb2       0x1a Drivers/STM32L0xx_HAL_Driver/Src/stm32l0xx_hal_cortex.o
                0x0000000008000eb2                HAL_SYSTICK_Config
 .text.HAL_SYSTICK_CLKSourceConfig
                0x0000000008000ecc       0x34 Drivers/STM32L0xx_HAL_Driver/Src/stm32l0xx_hal_cortex.o
                0x0000000008000ecc                HAL_SYSTICK_CLKSourceConfig
 .text.HAL_SYSTICK_IRQHandler
                0x0000000008000f00        0xe Drivers/STM32L0xx_HAL_Driver/Src/stm32l0xx_hal_cortex.o
                0x0000000008000f00                HAL_SYSTICK_IRQHandler
 *fill*         0x0000000008000f0e        0x2 
 .text.HAL_FLASH_Program
                0x0000000008000f10       0x78 Drivers/STM32L0xx_HAL_Driver/Src/stm32l0xx_hal_flash.o
                0x0000000008000f10                HAL_FLASH_Program
 .text.HAL_FLASH_Unlock
                0x0000000008000f88       0x50 Drivers/STM32L0xx_HAL_Driver/Src/stm32l0xx_hal_flash.o
                0x0000000008000f88                HAL_FLASH_Unlock
 .text.HAL_FLASH_Lock
                0x0000000008000fd8       0x1c Drivers/STM32L0xx_HAL_Driver/Src/stm32l0xx_hal_flash.o
                0x0000000008000fd8                HAL_FLASH_Lock
 .text.FLASH_WaitForLastOperation
                0x0000000008000ff4       0xe4 Drivers/STM32L0xx_HAL_Driver/Src/stm32l0xx_hal_flash.o
                0x0000000008000ff4                FLASH_WaitForLastOperation
 .text.FLASH_SetErrorCode
                0x00000000080010d8      0x138 Drivers/STM32L0xx_HAL_Driver/Src/stm32l0xx_hal_flash.o
 .text.HAL_FLASHEx_Erase
                0x0000000008001210       0xcc Drivers/STM32L0xx_HAL_Driver/Src/stm32l0xx_hal_flash_ex.o
                0x0000000008001210                HAL_FLASHEx_Erase
 .text.FLASH_PageErase
                0x00000000080012dc       0x44 Drivers/STM32L0xx_HAL_Driver/Src/stm32l0xx_hal_flash_ex.o
                0x00000000080012dc                FLASH_PageErase
 .text.HAL_GPIO_Init
                0x0000000008001320      0x2dc Drivers/STM32L0xx_HAL_Driver/Src/stm32l0xx_hal_gpio.o
                0x0000000008001320                HAL_GPIO_Init
 .text.HAL_GPIO_ReadPin
                0x00000000080015fc       0x3a Drivers/STM32L0xx_HAL_Driver/Src/stm32l0xx_hal_gpio.o
                0x00000000080015fc                HAL_GPIO_ReadPin
 .text.HAL_GPIO_WritePin
                0x0000000008001636       0x3a Drivers/STM32L0xx_HAL_Driver/Src/stm32l0xx_hal_gpio.o
                0x0000000008001636                HAL_GPIO_WritePin
 .text.HAL_I2C_Init
                0x0000000008001670      0x12c Drivers/STM32L0xx_HAL_Driver/Src/stm32l0xx_hal_i2c.o
                0x0000000008001670                HAL_I2C_Init
 .text.HAL_I2C_Master_Transmit
                0x000000000800179c      0x228 Drivers/STM32L0xx_HAL_Driver/Src/stm32l0xx_hal_i2c.o
                0x000000000800179c                HAL_I2C_Master_Transmit
 .text.I2C_Flush_TXDR
                0x00000000080019c4       0x44 Drivers/STM32L0xx_HAL_Driver/Src/stm32l0xx_hal_i2c.o
 .text.I2C_WaitOnFlagUntilTimeout
                0x0000000008001a08       0x72 Drivers/STM32L0xx_HAL_Driver/Src/stm32l0xx_hal_i2c.o
 .text.I2C_WaitOnTXISFlagUntilTimeout
                0x0000000008001a7a       0x7e Drivers/STM32L0xx_HAL_Driver/Src/stm32l0xx_hal_i2c.o
 .text.I2C_WaitOnSTOPFlagUntilTimeout
                0x0000000008001af8       0x78 Drivers/STM32L0xx_HAL_Driver/Src/stm32l0xx_hal_i2c.o
 .text.I2C_IsAcknowledgeFailed
                0x0000000008001b70       0xbc Drivers/STM32L0xx_HAL_Driver/Src/stm32l0xx_hal_i2c.o
 .text.I2C_TransferConfig
                0x0000000008001c2c       0x6c Drivers/STM32L0xx_HAL_Driver/Src/stm32l0xx_hal_i2c.o
 .text.HAL_I2CEx_ConfigAnalogFilter
                0x0000000008001c98       0x98 Drivers/STM32L0xx_HAL_Driver/Src/stm32l0xx_hal_i2c_ex.o
                0x0000000008001c98                HAL_I2CEx_ConfigAnalogFilter
 .text.HAL_I2CEx_ConfigDigitalFilter
                0x0000000008001d30       0x9c Drivers/STM32L0xx_HAL_Driver/Src/stm32l0xx_hal_i2c_ex.o
                0x0000000008001d30                HAL_I2CEx_ConfigDigitalFilter
 .text.HAL_PWR_ConfigPVD
                0x0000000008001dcc       0xc4 Drivers/STM32L0xx_HAL_Driver/Src/stm32l0xx_hal_pwr.o
                0x0000000008001dcc                HAL_PWR_ConfigPVD
 .text.HAL_PWR_EnablePVD
                0x0000000008001e90       0x1c Drivers/STM32L0xx_HAL_Driver/Src/stm32l0xx_hal_pwr.o
                0x0000000008001e90                HAL_PWR_EnablePVD
 .text.HAL_PWR_EnableWakeUpPin
                0x0000000008001eac       0x20 Drivers/STM32L0xx_HAL_Driver/Src/stm32l0xx_hal_pwr.o
                0x0000000008001eac                HAL_PWR_EnableWakeUpPin
 .text.HAL_PWR_DisableWakeUpPin
                0x0000000008001ecc       0x24 Drivers/STM32L0xx_HAL_Driver/Src/stm32l0xx_hal_pwr.o
                0x0000000008001ecc                HAL_PWR_DisableWakeUpPin
 .text.HAL_PWR_EnterSTANDBYMode
                0x0000000008001ef0       0x2c Drivers/STM32L0xx_HAL_Driver/Src/stm32l0xx_hal_pwr.o
                0x0000000008001ef0                HAL_PWR_EnterSTANDBYMode
 .text.HAL_PWREx_EnableFastWakeUp
                0x0000000008001f1c       0x1c Drivers/STM32L0xx_HAL_Driver/Src/stm32l0xx_hal_pwr_ex.o
                0x0000000008001f1c                HAL_PWREx_EnableFastWakeUp
 .text.HAL_PWREx_EnableUltraLowPower
                0x0000000008001f38       0x1c Drivers/STM32L0xx_HAL_Driver/Src/stm32l0xx_hal_pwr_ex.o
                0x0000000008001f38                HAL_PWREx_EnableUltraLowPower
 .text.HAL_RCC_OscConfig
                0x0000000008001f54      0x6a8 Drivers/STM32L0xx_HAL_Driver/Src/stm32l0xx_hal_rcc.o
                0x0000000008001f54                HAL_RCC_OscConfig
 .text.HAL_RCC_ClockConfig
                0x00000000080025fc      0x238 Drivers/STM32L0xx_HAL_Driver/Src/stm32l0xx_hal_rcc.o
                0x00000000080025fc                HAL_RCC_ClockConfig
 .text.HAL_RCC_GetSysClockFreq
                0x0000000008002834      0x120 Drivers/STM32L0xx_HAL_Driver/Src/stm32l0xx_hal_rcc.o
                0x0000000008002834                HAL_RCC_GetSysClockFreq
 .text.HAL_RCC_GetHCLKFreq
                0x0000000008002954       0x14 Drivers/STM32L0xx_HAL_Driver/Src/stm32l0xx_hal_rcc.o
                0x0000000008002954                HAL_RCC_GetHCLKFreq
 .text.RCC_SetFlashLatencyFromMSIRange
                0x0000000008002968       0xb0 Drivers/STM32L0xx_HAL_Driver/Src/stm32l0xx_hal_rcc.o
 .text.HAL_RCCEx_PeriphCLKConfig
                0x0000000008002a18      0x250 Drivers/STM32L0xx_HAL_Driver/Src/stm32l0xx_hal_rcc_ex.o
                0x0000000008002a18                HAL_RCCEx_PeriphCLKConfig
 .text.HAL_TIM_Base_Init
                0x0000000008002c68       0x58 Drivers/STM32L0xx_HAL_Driver/Src/stm32l0xx_hal_tim.o
                0x0000000008002c68                HAL_TIM_Base_Init
 .text.HAL_TIM_Base_Start
                0x0000000008002cc0       0x32 Drivers/STM32L0xx_HAL_Driver/Src/stm32l0xx_hal_tim.o
                0x0000000008002cc0                HAL_TIM_Base_Start
 *fill*         0x0000000008002cf2        0x2 
 .text.HAL_TIM_Base_Stop
                0x0000000008002cf4       0x44 Drivers/STM32L0xx_HAL_Driver/Src/stm32l0xx_hal_tim.o
                0x0000000008002cf4                HAL_TIM_Base_Stop
 .text.HAL_TIM_IRQHandler
                0x0000000008002d38      0x1d0 Drivers/STM32L0xx_HAL_Driver/Src/stm32l0xx_hal_tim.o
                0x0000000008002d38                HAL_TIM_IRQHandler
 .text.HAL_TIM_ConfigClockSource
                0x0000000008002f08      0x1c0 Drivers/STM32L0xx_HAL_Driver/Src/stm32l0xx_hal_tim.o
                0x0000000008002f08                HAL_TIM_ConfigClockSource
 .text.HAL_TIM_OC_DelayElapsedCallback
                0x00000000080030c8       0x10 Drivers/STM32L0xx_HAL_Driver/Src/stm32l0xx_hal_tim.o
                0x00000000080030c8                HAL_TIM_OC_DelayElapsedCallback
 .text.HAL_TIM_IC_CaptureCallback
                0x00000000080030d8       0x10 Drivers/STM32L0xx_HAL_Driver/Src/stm32l0xx_hal_tim.o
                0x00000000080030d8                HAL_TIM_IC_CaptureCallback
 .text.HAL_TIM_PWM_PulseFinishedCallback
                0x00000000080030e8       0x10 Drivers/STM32L0xx_HAL_Driver/Src/stm32l0xx_hal_tim.o
                0x00000000080030e8                HAL_TIM_PWM_PulseFinishedCallback
 .text.HAL_TIM_TriggerCallback
                0x00000000080030f8       0x10 Drivers/STM32L0xx_HAL_Driver/Src/stm32l0xx_hal_tim.o
                0x00000000080030f8                HAL_TIM_TriggerCallback
 .text.TIM_Base_SetConfig
                0x0000000008003108       0xb0 Drivers/STM32L0xx_HAL_Driver/Src/stm32l0xx_hal_tim.o
 .text.TIM_TI1_ConfigInputStage
                0x00000000080031b8       0x64 Drivers/STM32L0xx_HAL_Driver/Src/stm32l0xx_hal_tim.o
 .text.TIM_TI2_ConfigInputStage
                0x000000000800321c       0x6c Drivers/STM32L0xx_HAL_Driver/Src/stm32l0xx_hal_tim.o
 .text.TIM_ITRx_SetConfig
                0x0000000008003288       0x40 Drivers/STM32L0xx_HAL_Driver/Src/stm32l0xx_hal_tim.o
 .text.TIM_ETR_SetConfig
                0x00000000080032c8       0x44 Drivers/STM32L0xx_HAL_Driver/Src/stm32l0xx_hal_tim.o
 .text.HAL_TIMEx_MasterConfigSynchronization
                0x000000000800330c       0x86 Drivers/STM32L0xx_HAL_Driver/Src/stm32l0xx_hal_tim_ex.o
                0x000000000800330c                HAL_TIMEx_MasterConfigSynchronization
 *fill*         0x0000000008003392        0x2 
 .text.main     0x0000000008003394      0x384 Src/main.o
                0x0000000008003394                main
 .text.SystemClock_Config
                0x0000000008003718       0xfc Src/main.o
                0x0000000008003718                SystemClock_Config
 .text.MX_ADC_Init
                0x0000000008003814       0xfc Src/main.o
 .text.MX_I2C1_Init
                0x0000000008003910       0xa4 Src/main.o
 .text.MX_TIM2_Init
                0x00000000080039b4       0xac Src/main.o
 .text.MX_TIM21_Init
                0x0000000008003a60       0xa8 Src/main.o
 .text.MX_GPIO_Init
                0x0000000008003b08       0xfc Src/main.o
 .text.Flash_Write
                0x0000000008003c04       0x7c Src/main.o
                0x0000000008003c04                Flash_Write
 .text.HAL_SYSTICK_Callback
                0x0000000008003c80        0xe Src/main.o
                0x0000000008003c80                HAL_SYSTICK_Callback
 .text.isChargeSatisfactory
                0x0000000008003c8e       0x22 Src/main.o
                0x0000000008003c8e                isChargeSatisfactory
 .text.m_enable
                0x0000000008003cb0       0x18 Src/main.o
                0x0000000008003cb0                m_enable
 .text.m_disable
                0x0000000008003cc8       0x18 Src/main.o
                0x0000000008003cc8                m_disable
 .text.led_enable
                0x0000000008003ce0       0x1c Src/main.o
                0x0000000008003ce0                led_enable
 .text.led_disable
                0x0000000008003cfc       0x1c Src/main.o
                0x0000000008003cfc                led_disable
 .text.boost_enable
                0x0000000008003d18       0x18 Src/main.o
                0x0000000008003d18                boost_enable
 .text.boost_disable
                0x0000000008003d30       0x18 Src/main.o
                0x0000000008003d30                boost_disable
 .text.batteryMeasureEnable
                0x0000000008003d48       0x18 Src/main.o
                0x0000000008003d48                batteryMeasureEnable
 .text.isCharging
                0x0000000008003d60       0x3c Src/main.o
                0x0000000008003d60                isCharging
 .text.getBatteryVoltage
                0x0000000008003d9c       0x50 Src/main.o
                0x0000000008003d9c                getBatteryVoltage
 .text.StandbyMode
                0x0000000008003dec       0x34 Src/main.o
                0x0000000008003dec                StandbyMode
 .text.writeReg
                0x0000000008003e20       0x40 Src/main.o
                0x0000000008003e20                writeReg
 .text.LED_Enable
                0x0000000008003e60       0x22 Src/main.o
                0x0000000008003e60                LED_Enable
 .text.Disable  0x0000000008003e82       0x18 Src/main.o
                0x0000000008003e82                Disable
 *fill*         0x0000000008003e9a        0x2 
 .text.delay_ms
                0x0000000008003e9c       0x3c Src/main.o
                0x0000000008003e9c                delay_ms
 .text.loadingAnimationTopCW
                0x0000000008003ed8      0x274 Src/main.o
                0x0000000008003ed8                loadingAnimationTopCW
 .text.ledOff   0x000000000800414c       0x64 Src/main.o
                0x000000000800414c                ledOff
 .text.ledCharge
                0x00000000080041b0       0x64 Src/main.o
                0x00000000080041b0                ledCharge
 .text.redFlickerBeat
                0x0000000008004214       0x46 Src/main.o
                0x0000000008004214                redFlickerBeat
 .text.ledBreathe2
                0x000000000800425a      0x3a0 Src/main.o
                0x000000000800425a                ledBreathe2
 *fill*         0x00000000080045fa        0x2 
 .text.HAL_TIM_PeriodElapsedCallback
                0x00000000080045fc       0x34 Src/main.o
                0x00000000080045fc                HAL_TIM_PeriodElapsedCallback
 .text._Error_Handler
                0x0000000008004630        0xc Src/main.o
                0x0000000008004630                _Error_Handler
 .text.HAL_MspInit
                0x000000000800463c       0x70 Src/stm32l0xx_hal_msp.o
                0x000000000800463c                HAL_MspInit
 .text.HAL_ADC_MspInit
                0x00000000080046ac       0x64 Src/stm32l0xx_hal_msp.o
                0x00000000080046ac                HAL_ADC_MspInit
 .text.HAL_I2C_MspInit
                0x0000000008004710       0x60 Src/stm32l0xx_hal_msp.o
                0x0000000008004710                HAL_I2C_MspInit
 .text.HAL_TIM_Base_MspInit
                0x0000000008004770       0x58 Src/stm32l0xx_hal_msp.o
                0x0000000008004770                HAL_TIM_Base_MspInit
 .text.NMI_Handler
                0x00000000080047c8        0xa Src/stm32l0xx_it.o
                0x00000000080047c8                NMI_Handler
 .text.HardFault_Handler
                0x00000000080047d2        0x6 Src/stm32l0xx_it.o
                0x00000000080047d2                HardFault_Handler
 .text.SVC_Handler
                0x00000000080047d8        0xa Src/stm32l0xx_it.o
                0x00000000080047d8                SVC_Handler
 .text.PendSV_Handler
                0x00000000080047e2        0xa Src/stm32l0xx_it.o
                0x00000000080047e2                PendSV_Handler
 .text.SysTick_Handler
                0x00000000080047ec       0x12 Src/stm32l0xx_it.o
                0x00000000080047ec                SysTick_Handler
 *fill*         0x00000000080047fe        0x2 
 .text.ADC1_COMP_IRQHandler
                0x0000000008004800       0x18 Src/stm32l0xx_it.o
                0x0000000008004800                ADC1_COMP_IRQHandler
 .text.TIM2_IRQHandler
                0x0000000008004818       0x18 Src/stm32l0xx_it.o
                0x0000000008004818                TIM2_IRQHandler
 .text.SystemInit
                0x0000000008004830       0x7c Src/system_stm32l0xx.o
                0x0000000008004830                SystemInit
 .text.Reset_Handler
                0x00000000080048ac       0x50 startup/startup_stm32l031xx.o
                0x00000000080048ac                Reset_Handler
 .text.Default_Handler
                0x00000000080048fc        0x2 startup/startup_stm32l031xx.o
                0x00000000080048fc                LPTIM1_IRQHandler
                0x00000000080048fc                I2C1_IRQHandler
                0x00000000080048fc                SPI1_IRQHandler
                0x00000000080048fc                EXTI2_3_IRQHandler
                0x00000000080048fc                RTC_IRQHandler
                0x00000000080048fc                DMA1_Channel4_5_6_7_IRQHandler
                0x00000000080048fc                EXTI4_15_IRQHandler
                0x00000000080048fc                RCC_IRQHandler
                0x00000000080048fc                DMA1_Channel1_IRQHandler
                0x00000000080048fc                Default_Handler
                0x00000000080048fc                TIM22_IRQHandler
                0x00000000080048fc                EXTI0_1_IRQHandler
                0x00000000080048fc                TIM21_IRQHandler
                0x00000000080048fc                WWDG_IRQHandler
                0x00000000080048fc                LPUART1_IRQHandler
                0x00000000080048fc                DMA1_Channel2_3_IRQHandler
                0x00000000080048fc                USART2_IRQHandler
                0x00000000080048fc                FLASH_IRQHandler
                0x00000000080048fc                PVD_IRQHandler
 *fill*         0x00000000080048fe        0x2 
 .text.__libc_init_array
                0x0000000008004900       0x48 /Applications/Ac6/SystemWorkbench.app/Contents/Eclipse/plugins/fr.ac6.mcu.externaltools.arm-none.macos64_1.16.0.201807130628/tools/compiler/bin/../lib/gcc/arm-none-eabi/7.2.1/../../../../arm-none-eabi/lib/thumb/v6-m/libc_nano.a(lib_a-init.o)
                0x0000000008004900                __libc_init_array
 *(.glue_7)
 .glue_7        0x0000000008004948        0x0 linker stubs
 *(.glue_7t)
 .glue_7t       0x0000000008004948        0x0 linker stubs
 *(.eh_frame)
 .eh_frame      0x0000000008004948        0x0 /Applications/Ac6/SystemWorkbench.app/Contents/Eclipse/plugins/fr.ac6.mcu.externaltools.arm-none.macos64_1.16.0.201807130628/tools/compiler/bin/../lib/gcc/arm-none-eabi/7.2.1/thumb/v6-m/crtbegin.o
 *(.init)
 .init          0x0000000008004948        0x4 /Applications/Ac6/SystemWorkbench.app/Contents/Eclipse/plugins/fr.ac6.mcu.externaltools.arm-none.macos64_1.16.0.201807130628/tools/compiler/bin/../lib/gcc/arm-none-eabi/7.2.1/thumb/v6-m/crti.o
                0x0000000008004948                _init
 .init          0x000000000800494c        0x8 /Applications/Ac6/SystemWorkbench.app/Contents/Eclipse/plugins/fr.ac6.mcu.externaltools.arm-none.macos64_1.16.0.201807130628/tools/compiler/bin/../lib/gcc/arm-none-eabi/7.2.1/thumb/v6-m/crtn.o
 *(.fini)
 .fini          0x0000000008004954        0x4 /Applications/Ac6/SystemWorkbench.app/Contents/Eclipse/plugins/fr.ac6.mcu.externaltools.arm-none.macos64_1.16.0.201807130628/tools/compiler/bin/../lib/gcc/arm-none-eabi/7.2.1/thumb/v6-m/crti.o
                0x0000000008004954                _fini
 .fini          0x0000000008004958        0x8 /Applications/Ac6/SystemWorkbench.app/Contents/Eclipse/plugins/fr.ac6.mcu.externaltools.arm-none.macos64_1.16.0.201807130628/tools/compiler/bin/../lib/gcc/arm-none-eabi/7.2.1/thumb/v6-m/crtn.o
                0x0000000008004960                . = ALIGN (0x4)
                0x0000000008004960                _etext = .

.vfp11_veneer   0x0000000008004960        0x0
 .vfp11_veneer  0x0000000008004960        0x0 linker stubs

.v4_bx          0x0000000008004960        0x0
 .v4_bx         0x0000000008004960        0x0 linker stubs

.iplt           0x0000000008004960        0x0
 .iplt          0x0000000008004960        0x0 /Applications/Ac6/SystemWorkbench.app/Contents/Eclipse/plugins/fr.ac6.mcu.externaltools.arm-none.macos64_1.16.0.201807130628/tools/compiler/bin/../lib/gcc/arm-none-eabi/7.2.1/thumb/v6-m/crtbegin.o

.rodata         0x0000000008004960       0x70
                0x0000000008004960                . = ALIGN (0x4)
 *(.rodata)
 .rodata        0x0000000008004960       0x4a Src/main.o
 *fill*         0x00000000080049aa        0x2 
 .rodata        0x00000000080049ac       0x21 Src/system_stm32l0xx.o
                0x00000000080049ac                AHBPrescTable
                0x00000000080049bc                APBPrescTable
                0x00000000080049c4                PLLMulTable
 *(.rodata*)
                0x00000000080049d0                . = ALIGN (0x4)
 *fill*         0x00000000080049cd        0x3 

.rel.dyn        0x00000000080049d0        0x0
 .rel.iplt      0x00000000080049d0        0x0 /Applications/Ac6/SystemWorkbench.app/Contents/Eclipse/plugins/fr.ac6.mcu.externaltools.arm-none.macos64_1.16.0.201807130628/tools/compiler/bin/../lib/gcc/arm-none-eabi/7.2.1/thumb/v6-m/crtbegin.o

.ARM.extab
 *(.ARM.extab* .gnu.linkonce.armextab.*)

.ARM            0x00000000080049d0        0x0
                0x00000000080049d0                __exidx_start = .
 *(.ARM.exidx*)
                0x00000000080049d0                __exidx_end = .

.preinit_array  0x00000000080049d0        0x0
                0x00000000080049d0                PROVIDE (__preinit_array_start, .)
 *(.preinit_array*)
                0x00000000080049d0                PROVIDE (__preinit_array_end, .)

.init_array     0x00000000080049d0        0x4
                0x00000000080049d0                PROVIDE (__init_array_start, .)
 *(SORT_BY_NAME(.init_array.*))
 *(.init_array*)
 .init_array    0x00000000080049d0        0x4 /Applications/Ac6/SystemWorkbench.app/Contents/Eclipse/plugins/fr.ac6.mcu.externaltools.arm-none.macos64_1.16.0.201807130628/tools/compiler/bin/../lib/gcc/arm-none-eabi/7.2.1/thumb/v6-m/crtbegin.o
                0x00000000080049d4                PROVIDE (__init_array_end, .)

.fini_array     0x00000000080049d4        0x4
                [!provide]                        PROVIDE (__fini_array_start, .)
 *(SORT_BY_NAME(.fini_array.*))
 *(.fini_array*)
 .fini_array    0x00000000080049d4        0x4 /Applications/Ac6/SystemWorkbench.app/Contents/Eclipse/plugins/fr.ac6.mcu.externaltools.arm-none.macos64_1.16.0.201807130628/tools/compiler/bin/../lib/gcc/arm-none-eabi/7.2.1/thumb/v6-m/crtbegin.o
                [!provide]                        PROVIDE (__fini_array_end, .)
                0x00000000080049d8                _sidata = LOADADDR (.data)

.data           0x0000000020000000       0x18 load address 0x00000000080049d8
                0x0000000020000000                . = ALIGN (0x4)
                0x0000000020000000                _sdata = .
 *(.data)
 .data          0x0000000020000000       0x14 Src/main.o
                0x0000000020000000                Address
                0x0000000020000004                current_state
                0x0000000020000008                minimalTime
                0x000000002000000c                cleanTime
                0x0000000020000010                delayTime
 .data          0x0000000020000014        0x4 Src/system_stm32l0xx.o
                0x0000000020000014                SystemCoreClock
 *(.data*)
                0x0000000020000018                . = ALIGN (0x4)
                0x0000000020000018                _edata = .

.igot.plt       0x0000000020000018        0x0 load address 0x00000000080049f0
 .igot.plt      0x0000000020000018        0x0 /Applications/Ac6/SystemWorkbench.app/Contents/Eclipse/plugins/fr.ac6.mcu.externaltools.arm-none.macos64_1.16.0.201807130628/tools/compiler/bin/../lib/gcc/arm-none-eabi/7.2.1/thumb/v6-m/crtbegin.o
                0x0000000020000018                . = ALIGN (0x4)

.bss            0x0000000020000018      0x1a8 load address 0x00000000080049f0
                0x0000000020000018                _sbss = .
                0x0000000020000018                __bss_start__ = _sbss
 *(.bss)
 .bss           0x0000000020000018       0x1c /Applications/Ac6/SystemWorkbench.app/Contents/Eclipse/plugins/fr.ac6.mcu.externaltools.arm-none.macos64_1.16.0.201807130628/tools/compiler/bin/../lib/gcc/arm-none-eabi/7.2.1/thumb/v6-m/crtbegin.o
 .bss           0x0000000020000034       0x32 Src/main.o
                0x0000000020000040                hTxNumData
                0x0000000020000042                hRxNumData
                0x0000000020000044                PAGEError
                0x0000000020000048                data32
                0x000000002000004c                MemoryProgramStatus
                0x0000000020000050                targetDeviceReady
                0x0000000020000054                TxEnded
                0x0000000020000055                RxEnded
                0x0000000020000056                I2CFound
                0x0000000020000057                chargeComplete
                0x0000000020000058                ledON
                0x0000000020000059                button
                0x000000002000005c                counter
                0x0000000020000060                button_processed
                0x0000000020000064                buttonHoldBreak
                0x0000000020000065                buttonPressed
 *(.bss*)
 *(COMMON)
 *fill*         0x0000000020000066        0x2 
 COMMON         0x0000000020000068        0x4 Drivers/STM32L0xx_HAL_Driver/Src/stm32l0xx_hal.o
                0x0000000020000068                uwTick
 COMMON         0x000000002000006c       0x18 Drivers/STM32L0xx_HAL_Driver/Src/stm32l0xx_hal_flash.o
                0x000000002000006c                pFlash
 COMMON         0x0000000020000084      0x13a Src/main.o
                0x0000000020000084                Run
                0x0000000020000088                hi2c1
                0x00000000200000d4                transferDirection
                0x00000000200000d5                chargeSatisfactory
                0x00000000200000d8                data
                0x00000000200000dc                lastDebounceTime
                0x00000000200000e0                aRxBuffer
                0x00000000200000e4                batteryVoltage
                0x00000000200000e8                htim2
                0x0000000020000120                hadc
                0x0000000020000180                transferRequested
                0x0000000020000184                htim21
                0x00000000200001bc                aTxBuffer
                0x00000000200001c0                . = ALIGN (0x4)
 *fill*         0x00000000200001be        0x2 
                0x00000000200001c0                _ebss = .
                0x00000000200001c0                __bss_end__ = _ebss

._user_heap_stack
                0x00000000200001c0      0x600 load address 0x00000000080049f0
                0x00000000200001c0                . = ALIGN (0x8)
                [!provide]                        PROVIDE (end, .)
                [!provide]                        PROVIDE (_end, .)
                0x00000000200003c0                . = (. + _Min_Heap_Size)
 *fill*         0x00000000200001c0      0x200 
                0x00000000200007c0                . = (. + _Min_Stack_Size)
 *fill*         0x00000000200003c0      0x400 
                0x00000000200007c0                . = ALIGN (0x8)

/DISCARD/
 libc.a(*)
 libm.a(*)
 libgcc.a(*)

.ARM.attributes
                0x0000000000000000       0x28
 *(.ARM.attributes)
 .ARM.attributes
                0x0000000000000000       0x1e /Applications/Ac6/SystemWorkbench.app/Contents/Eclipse/plugins/fr.ac6.mcu.externaltools.arm-none.macos64_1.16.0.201807130628/tools/compiler/bin/../lib/gcc/arm-none-eabi/7.2.1/thumb/v6-m/crti.o
 .ARM.attributes
                0x000000000000001e       0x2c /Applications/Ac6/SystemWorkbench.app/Contents/Eclipse/plugins/fr.ac6.mcu.externaltools.arm-none.macos64_1.16.0.201807130628/tools/compiler/bin/../lib/gcc/arm-none-eabi/7.2.1/thumb/v6-m/crtbegin.o
 .ARM.attributes
                0x000000000000004a       0x32 Drivers/STM32L0xx_HAL_Driver/Src/stm32l0xx_hal.o
 .ARM.attributes
                0x000000000000007c       0x32 Drivers/STM32L0xx_HAL_Driver/Src/stm32l0xx_hal_adc.o
 .ARM.attributes
                0x00000000000000ae       0x32 Drivers/STM32L0xx_HAL_Driver/Src/stm32l0xx_hal_cortex.o
 .ARM.attributes
                0x00000000000000e0       0x32 Drivers/STM32L0xx_HAL_Driver/Src/stm32l0xx_hal_flash.o
 .ARM.attributes
                0x0000000000000112       0x32 Drivers/STM32L0xx_HAL_Driver/Src/stm32l0xx_hal_flash_ex.o
 .ARM.attributes
                0x0000000000000144       0x32 Drivers/STM32L0xx_HAL_Driver/Src/stm32l0xx_hal_gpio.o
 .ARM.attributes
                0x0000000000000176       0x32 Drivers/STM32L0xx_HAL_Driver/Src/stm32l0xx_hal_i2c.o
 .ARM.attributes
                0x00000000000001a8       0x32 Drivers/STM32L0xx_HAL_Driver/Src/stm32l0xx_hal_i2c_ex.o
 .ARM.attributes
                0x00000000000001da       0x32 Drivers/STM32L0xx_HAL_Driver/Src/stm32l0xx_hal_pwr.o
 .ARM.attributes
                0x000000000000020c       0x32 Drivers/STM32L0xx_HAL_Driver/Src/stm32l0xx_hal_pwr_ex.o
 .ARM.attributes
                0x000000000000023e       0x32 Drivers/STM32L0xx_HAL_Driver/Src/stm32l0xx_hal_rcc.o
 .ARM.attributes
                0x0000000000000270       0x32 Drivers/STM32L0xx_HAL_Driver/Src/stm32l0xx_hal_rcc_ex.o
 .ARM.attributes
                0x00000000000002a2       0x32 Drivers/STM32L0xx_HAL_Driver/Src/stm32l0xx_hal_tim.o
 .ARM.attributes
                0x00000000000002d4       0x32 Drivers/STM32L0xx_HAL_Driver/Src/stm32l0xx_hal_tim_ex.o
 .ARM.attributes
                0x0000000000000306       0x32 Src/main.o
 .ARM.attributes
                0x0000000000000338       0x32 Src/stm32l0xx_hal_msp.o
 .ARM.attributes
                0x000000000000036a       0x32 Src/stm32l0xx_it.o
 .ARM.attributes
                0x000000000000039c       0x32 Src/system_stm32l0xx.o
 .ARM.attributes
                0x00000000000003ce       0x22 startup/startup_stm32l031xx.o
 .ARM.attributes
                0x00000000000003f0       0x1e /Applications/Ac6/SystemWorkbench.app/Contents/Eclipse/plugins/fr.ac6.mcu.externaltools.arm-none.macos64_1.16.0.201807130628/tools/compiler/bin/../lib/gcc/arm-none-eabi/7.2.1/thumb/v6-m/libgcc.a(_udivsi3.o)
 .ARM.attributes
                0x000000000000040e       0x1e /Applications/Ac6/SystemWorkbench.app/Contents/Eclipse/plugins/fr.ac6.mcu.externaltools.arm-none.macos64_1.16.0.201807130628/tools/compiler/bin/../lib/gcc/arm-none-eabi/7.2.1/thumb/v6-m/libgcc.a(_dvmd_tls.o)
 .ARM.attributes
                0x000000000000042c       0x2c /Applications/Ac6/SystemWorkbench.app/Contents/Eclipse/plugins/fr.ac6.mcu.externaltools.arm-none.macos64_1.16.0.201807130628/tools/compiler/bin/../lib/gcc/arm-none-eabi/7.2.1/../../../../arm-none-eabi/lib/thumb/v6-m/libc_nano.a(lib_a-init.o)
 .ARM.attributes
                0x0000000000000458       0x1e /Applications/Ac6/SystemWorkbench.app/Contents/Eclipse/plugins/fr.ac6.mcu.externaltools.arm-none.macos64_1.16.0.201807130628/tools/compiler/bin/../lib/gcc/arm-none-eabi/7.2.1/thumb/v6-m/crtn.o
OUTPUT(Beam.elf elf32-littlearm)

.debug_info     0x0000000000000000    0x15fe9
 .debug_info    0x0000000000000000      0xf24 Drivers/STM32L0xx_HAL_Driver/Src/stm32l0xx_hal.o
 .debug_info    0x0000000000000f24     0x14b3 Drivers/STM32L0xx_HAL_Driver/Src/stm32l0xx_hal_adc.o
 .debug_info    0x00000000000023d7      0xf21 Drivers/STM32L0xx_HAL_Driver/Src/stm32l0xx_hal_cortex.o
 .debug_info    0x00000000000032f8      0xcc0 Drivers/STM32L0xx_HAL_Driver/Src/stm32l0xx_hal_flash.o
 .debug_info    0x0000000000003fb8     0x1187 Drivers/STM32L0xx_HAL_Driver/Src/stm32l0xx_hal_flash_ex.o
 .debug_info    0x000000000000513f      0xed9 Drivers/STM32L0xx_HAL_Driver/Src/stm32l0xx_hal_gpio.o
 .debug_info    0x0000000000006018     0x2398 Drivers/STM32L0xx_HAL_Driver/Src/stm32l0xx_hal_i2c.o
 .debug_info    0x00000000000083b0     0x10be Drivers/STM32L0xx_HAL_Driver/Src/stm32l0xx_hal_i2c_ex.o
 .debug_info    0x000000000000946e      0xe5c Drivers/STM32L0xx_HAL_Driver/Src/stm32l0xx_hal_pwr.o
 .debug_info    0x000000000000a2ca      0xa46 Drivers/STM32L0xx_HAL_Driver/Src/stm32l0xx_hal_pwr_ex.o
 .debug_info    0x000000000000ad10     0x10ca Drivers/STM32L0xx_HAL_Driver/Src/stm32l0xx_hal_rcc.o
 .debug_info    0x000000000000bdda      0xcef Drivers/STM32L0xx_HAL_Driver/Src/stm32l0xx_hal_rcc_ex.o
 .debug_info    0x000000000000cac9     0x2937 Drivers/STM32L0xx_HAL_Driver/Src/stm32l0xx_hal_tim.o
 .debug_info    0x000000000000f400      0xe3e Drivers/STM32L0xx_HAL_Driver/Src/stm32l0xx_hal_tim_ex.o
 .debug_info    0x000000000001023e     0x2aab Src/main.o
 .debug_info    0x0000000000012ce9     0x16de Src/stm32l0xx_hal_msp.o
 .debug_info    0x00000000000143c7     0x105a Src/stm32l0xx_it.o
 .debug_info    0x0000000000015421      0xba6 Src/system_stm32l0xx.o
 .debug_info    0x0000000000015fc7       0x22 startup/startup_stm32l031xx.o

.debug_abbrev   0x0000000000000000     0x2f1a
 .debug_abbrev  0x0000000000000000      0x2ae Drivers/STM32L0xx_HAL_Driver/Src/stm32l0xx_hal.o
 .debug_abbrev  0x00000000000002ae      0x292 Drivers/STM32L0xx_HAL_Driver/Src/stm32l0xx_hal_adc.o
 .debug_abbrev  0x0000000000000540      0x33d Drivers/STM32L0xx_HAL_Driver/Src/stm32l0xx_hal_cortex.o
 .debug_abbrev  0x000000000000087d      0x2db Drivers/STM32L0xx_HAL_Driver/Src/stm32l0xx_hal_flash.o
 .debug_abbrev  0x0000000000000b58      0x2e6 Drivers/STM32L0xx_HAL_Driver/Src/stm32l0xx_hal_flash_ex.o
 .debug_abbrev  0x0000000000000e3e      0x280 Drivers/STM32L0xx_HAL_Driver/Src/stm32l0xx_hal_gpio.o
 .debug_abbrev  0x00000000000010be      0x2e2 Drivers/STM32L0xx_HAL_Driver/Src/stm32l0xx_hal_i2c.o
 .debug_abbrev  0x00000000000013a0      0x23f Drivers/STM32L0xx_HAL_Driver/Src/stm32l0xx_hal_i2c_ex.o
 .debug_abbrev  0x00000000000015df      0x269 Drivers/STM32L0xx_HAL_Driver/Src/stm32l0xx_hal_pwr.o
 .debug_abbrev  0x0000000000001848      0x228 Drivers/STM32L0xx_HAL_Driver/Src/stm32l0xx_hal_pwr_ex.o
 .debug_abbrev  0x0000000000001a70      0x2f2 Drivers/STM32L0xx_HAL_Driver/Src/stm32l0xx_hal_rcc.o
 .debug_abbrev  0x0000000000001d62      0x290 Drivers/STM32L0xx_HAL_Driver/Src/stm32l0xx_hal_rcc_ex.o
 .debug_abbrev  0x0000000000001ff2      0x2ea Drivers/STM32L0xx_HAL_Driver/Src/stm32l0xx_hal_tim.o
 .debug_abbrev  0x00000000000022dc      0x229 Drivers/STM32L0xx_HAL_Driver/Src/stm32l0xx_hal_tim_ex.o
 .debug_abbrev  0x0000000000002505      0x3cf Src/main.o
 .debug_abbrev  0x00000000000028d4      0x22c Src/stm32l0xx_hal_msp.o
 .debug_abbrev  0x0000000000002b00      0x203 Src/stm32l0xx_it.o
 .debug_abbrev  0x0000000000002d03      0x205 Src/system_stm32l0xx.o
 .debug_abbrev  0x0000000000002f08       0x12 startup/startup_stm32l031xx.o

.debug_aranges  0x0000000000000000      0xec0
 .debug_aranges
                0x0000000000000000       0xe0 Drivers/STM32L0xx_HAL_Driver/Src/stm32l0xx_hal.o
 .debug_aranges
                0x00000000000000e0      0x100 Drivers/STM32L0xx_HAL_Driver/Src/stm32l0xx_hal_adc.o
 .debug_aranges
                0x00000000000001e0       0xc0 Drivers/STM32L0xx_HAL_Driver/Src/stm32l0xx_hal_cortex.o
 .debug_aranges
                0x00000000000002a0       0x80 Drivers/STM32L0xx_HAL_Driver/Src/stm32l0xx_hal_flash.o
 .debug_aranges
                0x0000000000000320       0xe0 Drivers/STM32L0xx_HAL_Driver/Src/stm32l0xx_hal_flash_ex.o
 .debug_aranges
                0x0000000000000400       0x58 Drivers/STM32L0xx_HAL_Driver/Src/stm32l0xx_hal_gpio.o
 .debug_aranges
                0x0000000000000458      0x260 Drivers/STM32L0xx_HAL_Driver/Src/stm32l0xx_hal_i2c.o
 .debug_aranges
                0x00000000000006b8       0x48 Drivers/STM32L0xx_HAL_Driver/Src/stm32l0xx_hal_i2c_ex.o
 .debug_aranges
                0x0000000000000700       0xa0 Drivers/STM32L0xx_HAL_Driver/Src/stm32l0xx_hal_pwr.o
 .debug_aranges
                0x00000000000007a0       0x50 Drivers/STM32L0xx_HAL_Driver/Src/stm32l0xx_hal_pwr_ex.o
 .debug_aranges
                0x00000000000007f0       0x88 Drivers/STM32L0xx_HAL_Driver/Src/stm32l0xx_hal_rcc.o
 .debug_aranges
                0x0000000000000878       0x58 Drivers/STM32L0xx_HAL_Driver/Src/stm32l0xx_hal_rcc_ex.o
 .debug_aranges
                0x00000000000008d0      0x368 Drivers/STM32L0xx_HAL_Driver/Src/stm32l0xx_hal_tim.o
 .debug_aranges
                0x0000000000000c38       0x28 Drivers/STM32L0xx_HAL_Driver/Src/stm32l0xx_hal_tim_ex.o
 .debug_aranges
                0x0000000000000c60      0x170 Src/main.o
 .debug_aranges
                0x0000000000000dd0       0x50 Src/stm32l0xx_hal_msp.o
 .debug_aranges
                0x0000000000000e20       0x50 Src/stm32l0xx_it.o
 .debug_aranges
                0x0000000000000e70       0x28 Src/system_stm32l0xx.o
 .debug_aranges
                0x0000000000000e98       0x28 startup/startup_stm32l031xx.o

.debug_ranges   0x0000000000000000      0xdb8
 .debug_ranges  0x0000000000000000       0xd0 Drivers/STM32L0xx_HAL_Driver/Src/stm32l0xx_hal.o
 .debug_ranges  0x00000000000000d0       0xf0 Drivers/STM32L0xx_HAL_Driver/Src/stm32l0xx_hal_adc.o
 .debug_ranges  0x00000000000001c0       0xb0 Drivers/STM32L0xx_HAL_Driver/Src/stm32l0xx_hal_cortex.o
 .debug_ranges  0x0000000000000270       0x70 Drivers/STM32L0xx_HAL_Driver/Src/stm32l0xx_hal_flash.o
 .debug_ranges  0x00000000000002e0       0xd0 Drivers/STM32L0xx_HAL_Driver/Src/stm32l0xx_hal_flash_ex.o
 .debug_ranges  0x00000000000003b0       0x48 Drivers/STM32L0xx_HAL_Driver/Src/stm32l0xx_hal_gpio.o
 .debug_ranges  0x00000000000003f8      0x250 Drivers/STM32L0xx_HAL_Driver/Src/stm32l0xx_hal_i2c.o
 .debug_ranges  0x0000000000000648       0x38 Drivers/STM32L0xx_HAL_Driver/Src/stm32l0xx_hal_i2c_ex.o
 .debug_ranges  0x0000000000000680       0x90 Drivers/STM32L0xx_HAL_Driver/Src/stm32l0xx_hal_pwr.o
 .debug_ranges  0x0000000000000710       0x40 Drivers/STM32L0xx_HAL_Driver/Src/stm32l0xx_hal_pwr_ex.o
 .debug_ranges  0x0000000000000750       0x78 Drivers/STM32L0xx_HAL_Driver/Src/stm32l0xx_hal_rcc.o
 .debug_ranges  0x00000000000007c8       0x48 Drivers/STM32L0xx_HAL_Driver/Src/stm32l0xx_hal_rcc_ex.o
 .debug_ranges  0x0000000000000810      0x358 Drivers/STM32L0xx_HAL_Driver/Src/stm32l0xx_hal_tim.o
 .debug_ranges  0x0000000000000b68       0x18 Drivers/STM32L0xx_HAL_Driver/Src/stm32l0xx_hal_tim_ex.o
 .debug_ranges  0x0000000000000b80      0x180 Src/main.o
 .debug_ranges  0x0000000000000d00       0x40 Src/stm32l0xx_hal_msp.o
 .debug_ranges  0x0000000000000d40       0x40 Src/stm32l0xx_it.o
 .debug_ranges  0x0000000000000d80       0x18 Src/system_stm32l0xx.o
 .debug_ranges  0x0000000000000d98       0x20 startup/startup_stm32l031xx.o

.debug_macro    0x0000000000000000    0x13798
 .debug_macro   0x0000000000000000      0x33d Drivers/STM32L0xx_HAL_Driver/Src/stm32l0xx_hal.o
 .debug_macro   0x000000000000033d      0xa4e Drivers/STM32L0xx_HAL_Driver/Src/stm32l0xx_hal.o
 .debug_macro   0x0000000000000d8b       0x10 Drivers/STM32L0xx_HAL_Driver/Src/stm32l0xx_hal.o
 .debug_macro   0x0000000000000d9b       0x9d Drivers/STM32L0xx_HAL_Driver/Src/stm32l0xx_hal.o
 .debug_macro   0x0000000000000e38       0x2e Drivers/STM32L0xx_HAL_Driver/Src/stm32l0xx_hal.o
 .debug_macro   0x0000000000000e66       0x28 Drivers/STM32L0xx_HAL_Driver/Src/stm32l0xx_hal.o
 .debug_macro   0x0000000000000e8e       0x22 Drivers/STM32L0xx_HAL_Driver/Src/stm32l0xx_hal.o
 .debug_macro   0x0000000000000eb0       0x87 Drivers/STM32L0xx_HAL_Driver/Src/stm32l0xx_hal.o
 .debug_macro   0x0000000000000f37       0x51 Drivers/STM32L0xx_HAL_Driver/Src/stm32l0xx_hal.o
 .debug_macro   0x0000000000000f88       0xef Drivers/STM32L0xx_HAL_Driver/Src/stm32l0xx_hal.o
 .debug_macro   0x0000000000001077       0x6a Drivers/STM32L0xx_HAL_Driver/Src/stm32l0xx_hal.o
 .debug_macro   0x00000000000010e1      0x1df Drivers/STM32L0xx_HAL_Driver/Src/stm32l0xx_hal.o
 .debug_macro   0x00000000000012c0       0x34 Drivers/STM32L0xx_HAL_Driver/Src/stm32l0xx_hal.o
 .debug_macro   0x00000000000012f4       0x26 Drivers/STM32L0xx_HAL_Driver/Src/stm32l0xx_hal.o
 .debug_macro   0x000000000000131a      0x329 Drivers/STM32L0xx_HAL_Driver/Src/stm32l0xx_hal.o
 .debug_macro   0x0000000000001643     0x7ec1 Drivers/STM32L0xx_HAL_Driver/Src/stm32l0xx_hal.o
 .debug_macro   0x0000000000009504       0x3c Drivers/STM32L0xx_HAL_Driver/Src/stm32l0xx_hal.o
 .debug_macro   0x0000000000009540     0x3455 Drivers/STM32L0xx_HAL_Driver/Src/stm32l0xx_hal.o
 .debug_macro   0x000000000000c995       0x58 Drivers/STM32L0xx_HAL_Driver/Src/stm32l0xx_hal.o
 .debug_macro   0x000000000000c9ed       0x17 Drivers/STM32L0xx_HAL_Driver/Src/stm32l0xx_hal.o
 .debug_macro   0x000000000000ca04       0x35 Drivers/STM32L0xx_HAL_Driver/Src/stm32l0xx_hal.o
 .debug_macro   0x000000000000ca39       0x9c Drivers/STM32L0xx_HAL_Driver/Src/stm32l0xx_hal.o
 .debug_macro   0x000000000000cad5       0x16 Drivers/STM32L0xx_HAL_Driver/Src/stm32l0xx_hal.o
 .debug_macro   0x000000000000caeb       0x97 Drivers/STM32L0xx_HAL_Driver/Src/stm32l0xx_hal.o
 .debug_macro   0x000000000000cb82      0x330 Drivers/STM32L0xx_HAL_Driver/Src/stm32l0xx_hal.o
 .debug_macro   0x000000000000ceb2       0xfd Drivers/STM32L0xx_HAL_Driver/Src/stm32l0xx_hal.o
 .debug_macro   0x000000000000cfaf       0x10 Drivers/STM32L0xx_HAL_Driver/Src/stm32l0xx_hal.o
 .debug_macro   0x000000000000cfbf       0x58 Drivers/STM32L0xx_HAL_Driver/Src/stm32l0xx_hal.o
 .debug_macro   0x000000000000d017       0x1f Drivers/STM32L0xx_HAL_Driver/Src/stm32l0xx_hal.o
 .debug_macro   0x000000000000d036       0x43 Drivers/STM32L0xx_HAL_Driver/Src/stm32l0xx_hal.o
 .debug_macro   0x000000000000d079       0x20 Drivers/STM32L0xx_HAL_Driver/Src/stm32l0xx_hal.o
 .debug_macro   0x000000000000d099      0x18e Drivers/STM32L0xx_HAL_Driver/Src/stm32l0xx_hal.o
 .debug_macro   0x000000000000d227       0x10 Drivers/STM32L0xx_HAL_Driver/Src/stm32l0xx_hal.o
 .debug_macro   0x000000000000d237       0x1c Drivers/STM32L0xx_HAL_Driver/Src/stm32l0xx_hal.o
 .debug_macro   0x000000000000d253       0x52 Drivers/STM32L0xx_HAL_Driver/Src/stm32l0xx_hal.o
 .debug_macro   0x000000000000d2a5       0x40 Drivers/STM32L0xx_HAL_Driver/Src/stm32l0xx_hal.o
 .debug_macro   0x000000000000d2e5       0x10 Drivers/STM32L0xx_HAL_Driver/Src/stm32l0xx_hal.o
 .debug_macro   0x000000000000d2f5       0x40 Drivers/STM32L0xx_HAL_Driver/Src/stm32l0xx_hal.o
 .debug_macro   0x000000000000d335       0xd7 Drivers/STM32L0xx_HAL_Driver/Src/stm32l0xx_hal.o
 .debug_macro   0x000000000000d40c       0x1c Drivers/STM32L0xx_HAL_Driver/Src/stm32l0xx_hal.o
 .debug_macro   0x000000000000d428       0x3d Drivers/STM32L0xx_HAL_Driver/Src/stm32l0xx_hal.o
 .debug_macro   0x000000000000d465       0x16 Drivers/STM32L0xx_HAL_Driver/Src/stm32l0xx_hal.o
 .debug_macro   0x000000000000d47b      0x16f Drivers/STM32L0xx_HAL_Driver/Src/stm32l0xx_hal.o
 .debug_macro   0x000000000000d5ea       0x50 Drivers/STM32L0xx_HAL_Driver/Src/stm32l0xx_hal.o
 .debug_macro   0x000000000000d63a      0x8b8 Drivers/STM32L0xx_HAL_Driver/Src/stm32l0xx_hal.o
 .debug_macro   0x000000000000def2      0x474 Drivers/STM32L0xx_HAL_Driver/Src/stm32l0xx_hal.o
 .debug_macro   0x000000000000e366      0x14b Drivers/STM32L0xx_HAL_Driver/Src/stm32l0xx_hal.o
 .debug_macro   0x000000000000e4b1      0x114 Drivers/STM32L0xx_HAL_Driver/Src/stm32l0xx_hal.o
 .debug_macro   0x000000000000e5c5      0x279 Drivers/STM32L0xx_HAL_Driver/Src/stm32l0xx_hal.o
 .debug_macro   0x000000000000e83e       0x28 Drivers/STM32L0xx_HAL_Driver/Src/stm32l0xx_hal.o
 .debug_macro   0x000000000000e866      0x4e8 Drivers/STM32L0xx_HAL_Driver/Src/stm32l0xx_hal.o
 .debug_macro   0x000000000000ed4e       0x6c Drivers/STM32L0xx_HAL_Driver/Src/stm32l0xx_hal.o
 .debug_macro   0x000000000000edba      0x128 Drivers/STM32L0xx_HAL_Driver/Src/stm32l0xx_hal.o
 .debug_macro   0x000000000000eee2      0x246 Drivers/STM32L0xx_HAL_Driver/Src/stm32l0xx_hal.o
 .debug_macro   0x000000000000f128      0x202 Drivers/STM32L0xx_HAL_Driver/Src/stm32l0xx_hal.o
 .debug_macro   0x000000000000f32a       0x5b Drivers/STM32L0xx_HAL_Driver/Src/stm32l0xx_hal.o
 .debug_macro   0x000000000000f385       0x90 Drivers/STM32L0xx_HAL_Driver/Src/stm32l0xx_hal.o
 .debug_macro   0x000000000000f415      0x18d Drivers/STM32L0xx_HAL_Driver/Src/stm32l0xx_hal.o
 .debug_macro   0x000000000000f5a2       0x16 Drivers/STM32L0xx_HAL_Driver/Src/stm32l0xx_hal.o
 .debug_macro   0x000000000000f5b8      0x703 Drivers/STM32L0xx_HAL_Driver/Src/stm32l0xx_hal.o
 .debug_macro   0x000000000000fcbb      0x11b Drivers/STM32L0xx_HAL_Driver/Src/stm32l0xx_hal.o
 .debug_macro   0x000000000000fdd6      0x123 Drivers/STM32L0xx_HAL_Driver/Src/stm32l0xx_hal.o
 .debug_macro   0x000000000000fef9      0x328 Drivers/STM32L0xx_HAL_Driver/Src/stm32l0xx_hal_adc.o
 .debug_macro   0x0000000000010221      0x319 Drivers/STM32L0xx_HAL_Driver/Src/stm32l0xx_hal_cortex.o
 .debug_macro   0x000000000001053a      0x31a Drivers/STM32L0xx_HAL_Driver/Src/stm32l0xx_hal_flash.o
 .debug_macro   0x0000000000010854      0x319 Drivers/STM32L0xx_HAL_Driver/Src/stm32l0xx_hal_flash_ex.o
 .debug_macro   0x0000000000010b6d      0x351 Drivers/STM32L0xx_HAL_Driver/Src/stm32l0xx_hal_gpio.o
 .debug_macro   0x0000000000010ebe      0x3e5 Drivers/STM32L0xx_HAL_Driver/Src/stm32l0xx_hal_i2c.o
 .debug_macro   0x00000000000112a3      0x319 Drivers/STM32L0xx_HAL_Driver/Src/stm32l0xx_hal_i2c_ex.o
 .debug_macro   0x00000000000115bc      0x331 Drivers/STM32L0xx_HAL_Driver/Src/stm32l0xx_hal_pwr.o
 .debug_macro   0x00000000000118ed      0x31f Drivers/STM32L0xx_HAL_Driver/Src/stm32l0xx_hal_pwr_ex.o
 .debug_macro   0x0000000000011c0c      0x379 Drivers/STM32L0xx_HAL_Driver/Src/stm32l0xx_hal_rcc.o
 .debug_macro   0x0000000000011f85      0x319 Drivers/STM32L0xx_HAL_Driver/Src/stm32l0xx_hal_rcc_ex.o
 .debug_macro   0x000000000001229e      0x31a Drivers/STM32L0xx_HAL_Driver/Src/stm32l0xx_hal_tim.o
 .debug_macro   0x00000000000125b8      0x319 Drivers/STM32L0xx_HAL_Driver/Src/stm32l0xx_hal_tim_ex.o
 .debug_macro   0x00000000000128d1      0x369 Src/main.o
 .debug_macro   0x0000000000012c3a       0x22 Src/main.o
 .debug_macro   0x0000000000012c5c      0x1e1 Src/main.o
 .debug_macro   0x0000000000012e3d      0x319 Src/stm32l0xx_hal_msp.o
 .debug_macro   0x0000000000013156      0x323 Src/stm32l0xx_it.o
 .debug_macro   0x0000000000013479      0x31f Src/system_stm32l0xx.o

.debug_line     0x0000000000000000     0xd5d7
 .debug_line    0x0000000000000000      0xa49 Drivers/STM32L0xx_HAL_Driver/Src/stm32l0xx_hal.o
 .debug_line    0x0000000000000a49      0xd51 Drivers/STM32L0xx_HAL_Driver/Src/stm32l0xx_hal_adc.o
 .debug_line    0x000000000000179a      0xa3e Drivers/STM32L0xx_HAL_Driver/Src/stm32l0xx_hal_cortex.o
 .debug_line    0x00000000000021d8      0xa2b Drivers/STM32L0xx_HAL_Driver/Src/stm32l0xx_hal_flash.o
 .debug_line    0x0000000000002c03      0xb52 Drivers/STM32L0xx_HAL_Driver/Src/stm32l0xx_hal_flash_ex.o
 .debug_line    0x0000000000003755      0x9f0 Drivers/STM32L0xx_HAL_Driver/Src/stm32l0xx_hal_gpio.o
 .debug_line    0x0000000000004145     0x1921 Drivers/STM32L0xx_HAL_Driver/Src/stm32l0xx_hal_i2c.o
 .debug_line    0x0000000000005a66      0x9bd Drivers/STM32L0xx_HAL_Driver/Src/stm32l0xx_hal_i2c_ex.o
 .debug_line    0x0000000000006423      0x9f7 Drivers/STM32L0xx_HAL_Driver/Src/stm32l0xx_hal_pwr.o
 .debug_line    0x0000000000006e1a      0x905 Drivers/STM32L0xx_HAL_Driver/Src/stm32l0xx_hal_pwr_ex.o
 .debug_line    0x000000000000771f      0xb1d Drivers/STM32L0xx_HAL_Driver/Src/stm32l0xx_hal_rcc.o
 .debug_line    0x000000000000823c      0xa0c Drivers/STM32L0xx_HAL_Driver/Src/stm32l0xx_hal_rcc_ex.o
 .debug_line    0x0000000000008c48     0x177c Drivers/STM32L0xx_HAL_Driver/Src/stm32l0xx_hal_tim.o
 .debug_line    0x000000000000a3c4      0x8ee Drivers/STM32L0xx_HAL_Driver/Src/stm32l0xx_hal_tim_ex.o
 .debug_line    0x000000000000acb2      0xe24 Src/main.o
 .debug_line    0x000000000000bad6      0x903 Src/stm32l0xx_hal_msp.o
 .debug_line    0x000000000000c3d9      0x8e1 Src/stm32l0xx_it.o
 .debug_line    0x000000000000ccba      0x89a Src/system_stm32l0xx.o
 .debug_line    0x000000000000d554       0x83 startup/startup_stm32l031xx.o

.debug_str      0x0000000000000000    0x6d06c
 .debug_str     0x0000000000000000    0x68269 Drivers/STM32L0xx_HAL_Driver/Src/stm32l0xx_hal.o
                                      0x686af (size before relaxing)
 .debug_str     0x0000000000068269      0x6eb Drivers/STM32L0xx_HAL_Driver/Src/stm32l0xx_hal_adc.o
                                      0x687c5 (size before relaxing)
 .debug_str     0x0000000000068954      0x1e1 Drivers/STM32L0xx_HAL_Driver/Src/stm32l0xx_hal_cortex.o
                                      0x6841b (size before relaxing)
 .debug_str     0x0000000000068b35      0x206 Drivers/STM32L0xx_HAL_Driver/Src/stm32l0xx_hal_flash.o
                                      0x682d1 (size before relaxing)
 .debug_str     0x0000000000068d3b      0x3af Drivers/STM32L0xx_HAL_Driver/Src/stm32l0xx_hal_flash_ex.o
                                      0x685a0 (size before relaxing)
 .debug_str     0x00000000000690ea      0x2bb Drivers/STM32L0xx_HAL_Driver/Src/stm32l0xx_hal_gpio.o
                                      0x683dd (size before relaxing)
 .debug_str     0x00000000000693a5      0xff0 Drivers/STM32L0xx_HAL_Driver/Src/stm32l0xx_hal_i2c.o
                                      0x6925c (size before relaxing)
 .debug_str     0x000000000006a395       0xbf Drivers/STM32L0xx_HAL_Driver/Src/stm32l0xx_hal_i2c_ex.o
                                      0x68698 (size before relaxing)
 .debug_str     0x000000000006a454      0x2ac Drivers/STM32L0xx_HAL_Driver/Src/stm32l0xx_hal_pwr.o
                                      0x683a3 (size before relaxing)
 .debug_str     0x000000000006a700      0x138 Drivers/STM32L0xx_HAL_Driver/Src/stm32l0xx_hal_pwr_ex.o
                                      0x68171 (size before relaxing)
 .debug_str     0x000000000006a838      0x544 Drivers/STM32L0xx_HAL_Driver/Src/stm32l0xx_hal_rcc.o
                                      0x686fa (size before relaxing)
 .debug_str     0x000000000006ad7c      0x1da Drivers/STM32L0xx_HAL_Driver/Src/stm32l0xx_hal_rcc_ex.o
                                      0x682eb (size before relaxing)
 .debug_str     0x000000000006af56      0xe1e Drivers/STM32L0xx_HAL_Driver/Src/stm32l0xx_hal_tim.o
                                      0x69120 (size before relaxing)
 .debug_str     0x000000000006bd74       0xc7 Drivers/STM32L0xx_HAL_Driver/Src/stm32l0xx_hal_tim_ex.o
                                      0x6849a (size before relaxing)
 .debug_str     0x000000000006be3b     0x10d4 Src/main.o
                                      0x69fa1 (size before relaxing)
 .debug_str     0x000000000006cf0f       0x25 Src/stm32l0xx_hal_msp.o
                                      0x68b66 (size before relaxing)
 .debug_str     0x000000000006cf34       0x96 Src/stm32l0xx_it.o
                                      0x6860c (size before relaxing)
 .debug_str     0x000000000006cfca       0x72 Src/system_stm32l0xx.o
                                      0x68128 (size before relaxing)
 .debug_str     0x000000000006d03c       0x30 startup/startup_stm32l031xx.o
                                         0x60 (size before relaxing)

.comment        0x0000000000000000       0x7e
 .comment       0x0000000000000000       0x7e Drivers/STM32L0xx_HAL_Driver/Src/stm32l0xx_hal.o
                                         0x7f (size before relaxing)
 .comment       0x000000000000007e       0x7f Drivers/STM32L0xx_HAL_Driver/Src/stm32l0xx_hal_adc.o
 .comment       0x000000000000007e       0x7f Drivers/STM32L0xx_HAL_Driver/Src/stm32l0xx_hal_cortex.o
 .comment       0x000000000000007e       0x7f Drivers/STM32L0xx_HAL_Driver/Src/stm32l0xx_hal_flash.o
 .comment       0x000000000000007e       0x7f Drivers/STM32L0xx_HAL_Driver/Src/stm32l0xx_hal_flash_ex.o
 .comment       0x000000000000007e       0x7f Drivers/STM32L0xx_HAL_Driver/Src/stm32l0xx_hal_gpio.o
 .comment       0x000000000000007e       0x7f Drivers/STM32L0xx_HAL_Driver/Src/stm32l0xx_hal_i2c.o
 .comment       0x000000000000007e       0x7f Drivers/STM32L0xx_HAL_Driver/Src/stm32l0xx_hal_i2c_ex.o
 .comment       0x000000000000007e       0x7f Drivers/STM32L0xx_HAL_Driver/Src/stm32l0xx_hal_pwr.o
 .comment       0x000000000000007e       0x7f Drivers/STM32L0xx_HAL_Driver/Src/stm32l0xx_hal_pwr_ex.o
 .comment       0x000000000000007e       0x7f Drivers/STM32L0xx_HAL_Driver/Src/stm32l0xx_hal_rcc.o
 .comment       0x000000000000007e       0x7f Drivers/STM32L0xx_HAL_Driver/Src/stm32l0xx_hal_rcc_ex.o
 .comment       0x000000000000007e       0x7f Drivers/STM32L0xx_HAL_Driver/Src/stm32l0xx_hal_tim.o
 .comment       0x000000000000007e       0x7f Drivers/STM32L0xx_HAL_Driver/Src/stm32l0xx_hal_tim_ex.o
 .comment       0x000000000000007e       0x7f Src/main.o
 .comment       0x000000000000007e       0x7f Src/stm32l0xx_hal_msp.o
 .comment       0x000000000000007e       0x7f Src/stm32l0xx_it.o
 .comment       0x000000000000007e       0x7f Src/system_stm32l0xx.o

.debug_frame    0x0000000000000000     0x33e8
 .debug_frame   0x0000000000000000      0x2e0 Drivers/STM32L0xx_HAL_Driver/Src/stm32l0xx_hal.o
 .debug_frame   0x00000000000002e0      0x3c0 Drivers/STM32L0xx_HAL_Driver/Src/stm32l0xx_hal_adc.o
 .debug_frame   0x00000000000006a0      0x2a0 Drivers/STM32L0xx_HAL_Driver/Src/stm32l0xx_hal_cortex.o
 .debug_frame   0x0000000000000940      0x19c Drivers/STM32L0xx_HAL_Driver/Src/stm32l0xx_hal_flash.o
 .debug_frame   0x0000000000000adc      0x33c Drivers/STM32L0xx_HAL_Driver/Src/stm32l0xx_hal_flash_ex.o
 .debug_frame   0x0000000000000e18      0x110 Drivers/STM32L0xx_HAL_Driver/Src/stm32l0xx_hal_gpio.o
 .debug_frame   0x0000000000000f28      0x938 Drivers/STM32L0xx_HAL_Driver/Src/stm32l0xx_hal_i2c.o
 .debug_frame   0x0000000000001860       0xd0 Drivers/STM32L0xx_HAL_Driver/Src/stm32l0xx_hal_i2c_ex.o
 .debug_frame   0x0000000000001930      0x200 Drivers/STM32L0xx_HAL_Driver/Src/stm32l0xx_hal_pwr.o
 .debug_frame   0x0000000000001b30       0xd8 Drivers/STM32L0xx_HAL_Driver/Src/stm32l0xx_hal_pwr_ex.o
 .debug_frame   0x0000000000001c08      0x1b8 Drivers/STM32L0xx_HAL_Driver/Src/stm32l0xx_hal_rcc.o
 .debug_frame   0x0000000000001dc0       0xfc Drivers/STM32L0xx_HAL_Driver/Src/stm32l0xx_hal_rcc_ex.o
 .debug_frame   0x0000000000001ebc      0xd54 Drivers/STM32L0xx_HAL_Driver/Src/stm32l0xx_hal_tim.o
 .debug_frame   0x0000000000002c10       0x50 Drivers/STM32L0xx_HAL_Driver/Src/stm32l0xx_hal_tim_ex.o
 .debug_frame   0x0000000000002c60      0x52c Src/main.o
 .debug_frame   0x000000000000318c       0xf0 Src/stm32l0xx_hal_msp.o
 .debug_frame   0x000000000000327c       0xd4 Src/stm32l0xx_it.o
 .debug_frame   0x0000000000003350       0x4c Src/system_stm32l0xx.o
 .debug_frame   0x000000000000339c       0x20 /Applications/Ac6/SystemWorkbench.app/Contents/Eclipse/plugins/fr.ac6.mcu.externaltools.arm-none.macos64_1.16.0.201807130628/tools/compiler/bin/../lib/gcc/arm-none-eabi/7.2.1/thumb/v6-m/libgcc.a(_udivsi3.o)
 .debug_frame   0x00000000000033bc       0x2c /Applications/Ac6/SystemWorkbench.app/Contents/Eclipse/plugins/fr.ac6.mcu.externaltools.arm-none.macos64_1.16.0.201807130628/tools/compiler/bin/../lib/gcc/arm-none-eabi/7.2.1/../../../../arm-none-eabi/lib/thumb/v6-m/libc_nano.a(lib_a-init.o)
